{"geometry": {"type": "Polygon", "coordinates": [[[-5.625000000000113, 52.482780222078254], [-5.625000000000113, 48.9224992637583], [-1.2131008896728105e-13, 48.9224992637583], [-1.2131008896728105e-13, 52.482780222078254], [-5.625000000000113, 52.482780222078254]]]}, "properties": {"n": 6.0}, "type": "Feature"}
{"geometry": {"type": "Polygon", "coordinates": [[[-1.2131008896728105e-13, 52.482780222078254], [-1.2131008896728105e-13, 48.9224992637583], [5.62499999999987, 48.9224992637583], [5.62499999999987, 52.482780222078254], [-1.2131008896728105e-13, 52.482780222078254]]]}, "properties": {"n": 4.0}, "type": "Feature"}
{"geometry": {"type": "Polygon", "coordinates": [[[5.62499999999987, 52.482780222078254], [5.62499999999987, 48.9224992637583], [11.24999999999986, 48.9224992637583], [11.24999999999986, 52.482780222078254], [5.62499999999987, 52.482780222078254]]]}, "properties": {"n": 6.0}, "type": "Feature"}
{"geometry": {"type": "Polygon", "coordinates": [[[-5.625000000000113, 48.9224992637583], [-5.625000000000113, 45.08903556483109], [-1.2131008896728105e-13, 45.08903556483109], [-1.2131008896728105e-13, 48.9224992637583], [-5.625000000000113, 48.9224992637583]]]}, "properties": {"n": 2.0}, "type": "Feature"}
{"geometry": {"type": "Polygon", "coordinates": [[[-1.2131008896728105e-13, 48.9224992637583], [-1.2131008896728105e-13, 45.08903556483109], [11.24999999999986, 45.08903556483109], [11.24999999999986, 48.9224992637583], [-1.2131008896728105e-13, 48.9224992637583]]]}, "properties": {"n": 1.0}, "type": "Feature"}
{"geometry": {"type": "Polygon", "coordinates": [[[-5.625000000000113, 45.08903556483109], [-5.625000000000113, 40.97989806962022], [-1.2131008896728105e-13, 40.97989806962022], [-1.2131008896728105e-13, 45.08903556483109], [-5.625000000000113, 45.08903556483109]]]}, "properties": {"n": 4.0}, "type": "Feature"}
{"geometry": {"type": "Polygon", "coordinates": [[[-1.2131008896728105e-13, 45.08903556483109], [-1.2131008896728105e-13, 40.97989806962022], [5.62499999999987, 40.97989806962022], [5.62499999999987, 45.08903556483109], [-1.2131008896728105e-13, 45.08903556483109]]]}, "properties": {"n": 3.0}, "type": "Feature"}
{"geometry": {"type": "Polygon", "coordinates": [[[5.62499999999987, 45.08903556483109], [5.62499999999987, 40.97989806962022], [11.24999999999986, 40.97989806962022], [11.24999999999986, 45.08903556483109], [5.62499999999987, 45.08903556483109]]]}, "properties": {"n": 2.0}, "type": "Feature"}
